{"x":"y", "z":"w", "abcdefghijklmnopqrtsuvwxyz":"abcdefghijklmnopqrtsuvwxyz"}
